test_function ok
test_function ok
test_function ok
test_function ok
test_function ok
test_function ok
test_function ok
test_function ok
test_function ok
test_function ok
test_function ok
test_function ok
test_function ok
test_function ok
test_function ok
test_function ok
test_function ok
test_function ok
test_function ok
test_function ok
test_function ok
